# 运行手册

## 一、克隆仓库

获取本仓库的源码：

```shell
git clone https://gitlab.eduxiji.net/facinating/project788067-115237.git
```

## 二、环境配置

### 2.1 交叉编译工具

> 参考链接：[riscv交叉编译工具链](https://github.com/riscv-collab/riscv-gnu-toolchain)

#### Getting the sources

尽管`riscv-gnu-toolchain`仓库使用了子模块，但子模块会按需自动获取，因此不需要 `--recursive` 或 `git submodule update --init --recursive`。

```shell
git clone https://gitee.com/riscv-mcu/riscv-gnu-toolchain.git
```

#### Installation (Linux)

通过`--prefix`选项可以选择 Linux 交叉编译器的安装路径：

```shell
./configure --prefix=/opt/riscv
make linux -j64
```



### 2.2 编译qemu

进入code文件夹，选择16k/4k-hash/16k-hash子目录进行编译：

```shell
cd qemu
./configure --target-list="riscv64-softmmu"
make -j64
cd ..
```

### 2.3 编译linux

```shell
export ARCH=riscv
export CROSS_COMPILE=riscv64-unknown-linux-gnu-
make -C linux O=`pwd`/build-riscv64 defconfig
make -C linux O=`pwd`/build-riscv64 -j64
```

### 2.4 Build OpenSBI Firmware

```shell
git clone https://github.com/riscv/opensbi.git
cd opensbi
export CROSS_COMPILE=riscv64-unknown-linux-gnu-
make PLATFORM=generic -j4
cd ..
```

## 三、启动运行

### Host OS 启动

```shell
./qemu/build/riscv64-softmmu/qemu-system-riscv64  -M virt -m 2G -nographic -bios opensbi/build/platform/generic/firmware/fw_jump.bin -kernel ./build-riscv64/arch/riscv/boot/Image -initrd ./rootfs_kvm_riscv64.img -append "root=/dev/ram rw console=ttyS0 earlycon=sbi"
```

* 启动信息：

```shell
OpenSBI v1.0
   ____                    _____ ____ _____
  / __ \                  / ____|  _ \_   _|
 | |  | |_ __   ___ _ __ | (___ | |_) || |
 | |  | | '_ \ / _ \ '_ \ \___ \|  _ < | |
 | |__| | |_) |  __/ | | |____) | |_) || |_
  \____/| .__/ \___|_| |_|_____/|____/_____|
        | |
        |_|

Platform Name             : riscv-virtio,qemu
Platform Features         : medeleg
Platform HART Count       : 1
Platform IPI Device       : aclint-mswi
Platform Timer Device     : aclint-mtimer @ 10000000Hz
Platform Console Device   : uart8250
Platform HSM Device       : ---
Platform Reboot Device    : sifive_test
Platform Shutdown Device  : sifive_test
Firmware Base             : 0x80000000
Firmware Size             : 268 KB
Runtime SBI Version       : 0.3

Domain0 Name              : root
Domain0 Boot HART         : 0
Domain0 HARTs             : 0*
Domain0 Region00          : 0x0000000002000000-0x000000000200ffff (I)
Domain0 Region01          : 0x0000000080000000-0x000000008007ffff ()
Domain0 Region02          : 0x0000000000000000-0xffffffffffffffff (R,W,X)
Domain0 Next Address      : 0x0000000080200000
Domain0 Next Arg1         : 0x0000000082200000
Domain0 Next Mode         : S-mode
Domain0 SysReset          : yes

Boot HART ID              : 0
Boot HART Domain          : root
Boot HART ISA             : rv64imafdcsuh
Boot HART Features        : scounteren,mcounteren,time
Boot HART PMP Count       : 16
Boot HART PMP Granularity : 4
Boot HART PMP Address Bits: 54
Boot HART MHPM Count      : 0
Boot HART MIDELEG         : 0x0000000000001666
Boot HART MEDELEG         : 0x0000000000f0b509
[    0.000000] Linux version 5.17.0 (root@02f0386970a2) (riscv64-unknown-linux-gnu-gcc (g5964b5cd727) 11.1.0, GNU ld (GNU Binutils) 2.38) #1 SMP Wed May 25 17:30:51 CST 2022
[    0.000000] OF: fdt: Ignoring memory range 0x80000000 - 0x80200000
[    0.000000] Machine model: riscv-virtio,qemu
[    0.000000] efi: UEFI not found.
[    0.000000] Zone ranges:
[    0.000000]   DMA32    [mem 0x0000000080200000-0x00000000ffffffff]
[    0.000000]   Normal   empty
[    0.000000] Movable zone start for each node
[    0.000000] Early memory node ranges
[    0.000000]   node   0: [mem 0x0000000080200000-0x00000000ffffffff]
[    0.000000] Initmem setup node 0 [mem 0x0000000080200000-0x00000000ffffffff]
[    0.000000] On node 0, zone DMA32: 128 pages in unavailable ranges
[    0.000000] SBI specification v0.3 detected
[    0.000000] SBI implementation ID=0x1 Version=0x10000
[    0.000000] SBI TIME extension detected
[    0.000000] SBI IPI extension detected
[    0.000000] SBI RFENCE extension detected
[    0.000000] SBI SRST extension detected
[    0.000000] SBI HSM extension detected
[    0.000000] riscv: ISA extensions acdfhimsu
[    0.000000] riscv: ELF capabilities acdfim
[    0.000000] percpu: Embedded 5 pages/cpu s30824 r8192 d42904 u81920
[    0.000000] Built 1 zonelists, mobility grouping on.  Total pages: 130496
[    0.000000] Kernel command line: root=/dev/ram rw console=ttyS0 earlycon=sbi
[    0.000000] Dentry cache hash table entries: 262144 (order: 7, 2097152 bytes, linear)
[    0.000000] Inode-cache hash table entries: 131072 (order: 6, 1048576 bytes, linear)
[    0.000000] mem auto-init: stack:off, heap alloc:off, heap free:off
[    0.000000] Virtual kernel memory layout:
[    0.000000]       fixmap : 0xfe5fff7ffe000000 - 0xfe5fff8000000000   (32768 kB)
[    0.000000]       pci io : 0xfe5fff8000000000 - 0xfe5fff8001000000   (  16 MB)
[    0.000000]      vmemmap : 0xfe5fff8001000000 - 0xfe60000001000000   (524288 MB)
[    0.000000]      vmalloc : 0xfe60000001000000 - 0xfee0000001000000   (34359738368 MB)
[    0.000000]       lowmem : 0xfee0000001000000 - 0xfee0000080e00000   (2046 MB)
[    0.000000]       kernel : 0xffffffff80200000 - 0xffffffffffffffff   (2045 MB)
[    0.000000] Memory: 1880320K/2095104K available (6132K kernel code, 33517K rwdata, 16384K rodata, 16574K init, 448K bss, 214784K reserved, 0K cma-reserved)
[    0.000000] SLUB: HWalign=64, Order=0-3, MinObjects=0, CPUs=1, Nodes=1
[    0.000000] rcu: Hierarchical RCU implementation.
[    0.000000] rcu:     RCU restricting CPUs from NR_CPUS=8 to nr_cpu_ids=1.
[    0.000000] rcu:     RCU debug extended QS entry/exit.
[    0.000000]  Tracing variant of Tasks RCU enabled.
[    0.000000] rcu: RCU calculated value of scheduler-enlistment delay is 25 jiffies.
[    0.000000] rcu: Adjusting geometry for rcu_fanout_leaf=16, nr_cpu_ids=1
[    0.000000] NR_IRQS: 64, nr_irqs: 64, preallocated irqs: 0
[    0.000000] riscv-intc: 64 local interrupts mapped
[    0.000000] plic: plic@c000000: mapped 53 interrupts with 1 handlers for 2 contexts.
[    0.000000] random: get_random_bytes called from start_kernel+0x4c0/0x6ec with crng_init=0
[    0.000000] riscv_timer_init_dt: Registering clocksource cpuid [0] hartid [0]
[    0.000000] clocksource: riscv_clocksource: mask: 0xffffffffffffffff max_cycles: 0x24e6a1710, max_idle_ns: 440795202120 ns
[    0.000267] sched_clock: 64 bits at 10MHz, resolution 100ns, wraps every 4398046511100ns
[    0.019365] Console: colour dummy device 80x25
[    0.025667] Calibrating delay loop (skipped), value calculated using timer frequency.. 20.00 BogoMIPS (lpj=40000)
[    0.026139] pid_max: default: 32768 minimum: 301
[    0.030549] Mount-cache hash table entries: 4096 (order: 1, 32768 bytes, linear)
[    0.030686] Mountpoint-cache hash table entries: 4096 (order: 1, 32768 bytes, linear)
[    0.123475] cblist_init_generic: Setting adjustable number of callback queues.
[    0.123966] cblist_init_generic: Setting shift to 0 and lim to 1.
[    0.125828] ASID allocator using 16 bits (65536 entries)
[    0.128901] rcu: Hierarchical SRCU implementation.
[    0.134190] EFI services will not be available.
[    0.141731] smp: Bringing up secondary CPUs ...
[    0.142028] smp: Brought up 1 node, 1 CPU
[    0.171875] devtmpfs: initialized
[    0.193552] clocksource: jiffies: mask: 0xffffffff max_cycles: 0xffffffff, max_idle_ns: 7645041785100000 ns
[    0.194113] futex hash table entries: 256 (order: 0, 16384 bytes, linear)
[    0.222372] NET: Registered PF_NETLINK/PF_ROUTE protocol family
[    0.331252] iommu: Default domain type: Translated
[    0.331520] iommu: DMA domain TLB invalidation policy: strict mode
[    0.340314] vgaarb: loaded
[    0.343629] SCSI subsystem initialized
[    0.348579] usbcore: registered new interface driver usbfs
[    0.349424] usbcore: registered new interface driver hub
[    0.349857] usbcore: registered new device driver usb
[    0.392495] clocksource: Switched to clocksource riscv_clocksource
[    0.440311] NET: Registered PF_INET protocol family
[    0.444305] IP idents hash table entries: 32768 (order: 4, 262144 bytes, linear)
[    0.459025] tcp_listen_portaddr_hash hash table entries: 1024 (order: 1, 40960 bytes, linear)
[    0.459478] TCP established hash table entries: 16384 (order: 3, 131072 bytes, linear)
[    0.460435] TCP bind hash table entries: 16384 (order: 5, 524288 bytes, linear)
[    0.463570] TCP: Hash tables configured (established 16384 bind 16384)
[    0.466836] UDP hash table entries: 1024 (order: 2, 98304 bytes, linear)
[    0.468082] UDP-Lite hash table entries: 1024 (order: 2, 98304 bytes, linear)
[    0.472250] NET: Registered PF_UNIX/PF_LOCAL protocol family
[    0.485385] RPC: Registered named UNIX socket transport module.
[    0.485570] RPC: Registered udp transport module.
[    0.485623] RPC: Registered tcp transport module.
[    0.485673] RPC: Registered tcp NFSv4.1 backchannel transport module.
[    0.486063] PCI: CLS 0 bytes, default 64
[    0.502716] Unpacking initramfs...
[    0.505628] workingset: timestamp_bits=62 max_order=17 bucket_order=0
[    0.592156] NFS: Registering the id_resolver key type
[    0.594869] Key type id_resolver registered
[    0.594999] Key type id_legacy registered
[    0.596270] nfs4filelayout_init: NFSv4 File Layout Driver Registering...
[    0.596583] nfs4flexfilelayout_init: NFSv4 Flexfile Layout Driver Registering...
[    0.608179] 9p: Installing v9fs 9p2000 file system support
[    0.612563] NET: Registered PF_ALG protocol family
[    0.613895] Block layer SCSI generic (bsg) driver version 0.4 loaded (major 251)
[    0.614314] io scheduler mq-deadline registered
[    0.614568] io scheduler kyber registered
[    0.652676] pci-host-generic 30000000.pci: host bridge /soc/pci@30000000 ranges:
[    0.655169] pci-host-generic 30000000.pci:       IO 0x0003000000..0x000300ffff -> 0x0000000000
[    0.656675] pci-host-generic 30000000.pci:      MEM 0x0040000000..0x007fffffff -> 0x0040000000
[    0.656890] pci-host-generic 30000000.pci:      MEM 0x0400000000..0x07ffffffff -> 0x0400000000
[    0.658476] pci-host-generic 30000000.pci: Memory resource size exceeds max for 32 bits
[    0.660175] pci-host-generic 30000000.pci: ECAM at [mem 0x30000000-0x3fffffff] for [bus 00-ff]
[    0.663879] pci-host-generic 30000000.pci: PCI host bridge to bus 0000:00
[    0.664649] pci_bus 0000:00: root bus resource [bus 00-ff]
[    0.664924] pci_bus 0000:00: root bus resource [io  0x0000-0xffff]
[    0.665127] pci_bus 0000:00: root bus resource [mem 0x40000000-0x7fffffff]
[    0.665184] pci_bus 0000:00: root bus resource [mem 0x400000000-0x7ffffffff]
[    0.668934] pci 0000:00:00.0: [1b36:0008] type 00 class 0x060000
[    1.052920] Serial: 8250/16550 driver, 4 ports, IRQ sharing disabled
[    1.083881] printk: console [ttyS0] disabled
[    1.089061] 10000000.uart: ttyS0 at MMIO 0x10000000 (irq = 2, base_baud = 230400) is a 16550A
[    1.265747] printk: console [ttyS0] enabled
[    1.377627] loop: module loaded
[    1.390821] e1000e: Intel(R) PRO/1000 Network Driver
[    1.391444] e1000e: Copyright(c) 1999 - 2015 Intel Corporation.
[    1.393080] ehci_hcd: USB 2.0 'Enhanced' Host Controller (EHCI) Driver
[    1.394071] ehci-pci: EHCI PCI platform driver
[    1.395146] ehci-platform: EHCI generic platform driver
[    1.396418] ohci_hcd: USB 1.1 'Open' Host Controller (OHCI) Driver
[    1.397379] ohci-pci: OHCI PCI platform driver
[    1.398356] ohci-platform: OHCI generic platform driver
[    1.432305] usbcore: registered new interface driver uas
[    1.433473] usbcore: registered new interface driver usb-storage
[    1.436664] mousedev: PS/2 mouse device common for all mice
[    1.456582] goldfish_rtc 101000.rtc: registered as rtc0
[    1.458877] goldfish_rtc 101000.rtc: setting system clock to 2022-05-25T11:02:32 UTC (1653476552)
[    1.467019] syscon-poweroff soc:poweroff: pm_power_off already claimed for sbi_srst_power_off
[    1.468506] syscon-poweroff: probe of soc:poweroff failed with error -16
[    1.470692] sdhci: Secure Digital Host Controller Interface driver
[    1.471417] sdhci: Copyright(c) Pierre Ossman
[    1.472697] sdhci-pltfm: SDHCI platform and OF driver helper
[    1.475800] usbcore: registered new interface driver usbhid
[    1.476501] usbhid: USB HID core driver
[    1.482107] NET: Registered PF_INET6 protocol family
[    1.538869] Segment Routing with IPv6
[    1.540024] In-situ OAM (IOAM) with IPv6
[    1.541530] sit: IPv6, IPv4 and MPLS over IPv4 tunneling driver
[    1.549764] NET: Registered PF_PACKET protocol family
[    1.553623] 9pnet: Installing 9P2000 support
[    1.554890] Key type dns_resolver registered
[    1.681609] Freeing initrd memory: 107056K
[    1.686113] debug_vm_pgtable: [debug_vm_pgtable         ]: Validating architecture page table helpers
[    1.963957] Freeing unused kernel image (initmem) memory: 16560K
[    1.966732] Run /init as init process
           _  _
          | ||_|
          | | _ ____  _   _  _  _
          | || |  _ \| | | |\ \/ /
          | || | | | | |_| |/    \
          |_||_|_| |_|\____|\_/\_/

               Busybox Rootfs

Please press Enter to activate this console.
```



### Guest OS 启动

```shell
insmod apps/kvm.ko
./apps/lkvm-static run -m 512 -c1 --console serial -i ./apps/guest.img -p "console=ttyS0 earlycon=uart8250,mmio,0x3f8" -k ./apps/Image --debug
```

* 启动信息截图：

```shell
/ # insmod apps/kvm.ko
[   40.466390] kvm [42]: hypervisor extension available
[   40.467196] kvm [42]: using hash page table format
[   40.468023] kvm [42]: VMID 14 bits available
/ # ./apps/lkvm-static run -m 512 -c1 --console serial -i ./apps/guest.img -p "console=ttyS0[   40.527484] random: fast init done earlycon=uart8250,mmio,0x3f8" -k ./apps/Image --debug
  # lkvm run -k ./apps/Image -m 512 -c 1 --name guest-43
  Info: (riscv/kvm.c) kvm__arch_load_kernel_image:115: Loaded kernel to 0x80200000 (82752000 bytes)
  Info: (riscv/kvm.c) kvm__arch_load_kernel_image:126: Placing fdt at 0x85800000 - 0x8fffffff
  Info: (riscv/kvm.c) kvm__arch_load_kernel_image:155: Loaded initrd to 0x8f7245f8 (9288192 bytes)
  Info: (virtio/mmio.c) virtio_mmio_init:325: virtio-mmio.devices=0x200@0x10000000:5
[    0.000000] Linux version 5.17.0 (root@02f0386970a2) (riscv64-unknown-linux-gnu-gcc (g5964b5cd727) 11.1.0, GNU ld (GNU Binutils) 2.38) #3 SMP Thu May 19 18:08:52 CST 2022
[    0.000000] OF: fdt: Ignoring memory range 0x80000000 - 0x80200000
[    0.000000] Machine model: linux,dummy-virt
[    0.000000] earlycon: uart8250 at MMIO 0x00000000000003f8 (options '')
[    0.000000] printk: bootconsole [uart8250] enabled
[    0.000000] efi: UEFI not found.
[    0.000000] Zone ranges:
[    0.000000]   DMA32    [mem 0x0000000080200000-0x000000009fffffff]
[    0.000000]   Normal   empty
[    0.000000] Movable zone start for each node
[    0.000000] Early memory node ranges
[    0.000000]   node   0: [mem 0x0000000080200000-0x000000009fffffff]
[    0.000000] Initmem setup node 0 [mem 0x0000000080200000-0x000000009fffffff]
[    0.000000] On node 0, zone DMA32: 128 pages in unavailable ranges
[    0.000000] SBI specification v0.2 detected
[    0.000000] SBI implementation ID=0x3 Version=0x51100
[    0.000000] SBI TIME extension detected
[    0.000000] SBI IPI extension detected
[    0.000000] SBI RFENCE extension detected
[    0.000000] SBI HSM extension detected
[    0.000000] riscv: ISA extensions acdfimsu
[    0.000000] riscv: ELF capabilities acdfim
[    0.000000] percpu: Embedded 5 pages/cpu s30824 r8192 d42904 u81920
[    0.000000] Built 1 zonelists, mobility grouping on.  Total pages: 32528
[    0.000000] Kernel command line:  console=ttyS0 root=/dev/vda rw  console=ttyS0 earlycon=uart8250,mmio,0x3f8
[    0.000000] Dentry cache hash table entries: 65536 (order: 5, 524288 bytes, linear)
[    0.000000] Inode-cache hash table entries: 32768 (order: 4, 262144 bytes, linear)
[    0.000000] mem auto-init: stack:off, heap alloc:off, heap free:off
[    0.000000] Virtual kernel memory layout:
[    0.000000]       fixmap : 0xfe5fff7ffe000000 - 0xfe5fff8000000000   (32768 kB)
[    0.000000]       pci io : 0xfe5fff8000000000 - 0xfe5fff8001000000   (  16 MB)
[    0.000000]      vmemmap : 0xfe5fff8001000000 - 0xfe60000001000000   (524288 MB)
[    0.000000]      vmalloc : 0xfe60000001000000 - 0xfee0000001000000   (34359738368 MB)
[    0.000000]       lowmem : 0xfee0000001000000 - 0xfee0000020e00000   ( 510 MB)
[    0.000000]       kernel : 0xffffffff80200000 - 0xffffffffffffffff   (2045 MB)
[    0.000000] Memory: 413904K/522240K available (6132K kernel code, 33517K rwdata, 16384K rodata, 16574K init, 448K bss, 108336K reserved, 0K cma-reserved)
[    0.000000] SLUB: HWalign=64, Order=0-3, MinObjects=0, CPUs=1, Nodes=1
[    0.000000] rcu: Hierarchical RCU implementation.
[    0.000000] rcu:     RCU restricting CPUs from NR_CPUS=8 to nr_cpu_ids=1.
[    0.000000] rcu:     RCU debug extended QS entry/exit.
[    0.000000]  Tracing variant of Tasks RCU enabled.
[    0.000000] rcu: RCU calculated value of scheduler-enlistment delay is 25 jiffies.
[    0.000000] rcu: Adjusting geometry for rcu_fanout_leaf=16, nr_cpu_ids=1
[    0.000000] NR_IRQS: 64, nr_irqs: 64, preallocated irqs: 0
[    0.000000] riscv-intc: 64 local interrupts mapped
[    0.000000] plic: interrupt-controller@0c000000: mapped 1023 interrupts with 1 handlers for 2 contexts.
[    0.000000] random: get_random_bytes called from start_kernel+0x4c0/0x6ec with crng_init=0
[    0.000000] riscv_timer_init_dt: Registering clocksource cpuid [0] hartid [0]
[    0.000000] clocksource: riscv_clocksource: mask: 0xffffffffffffffff max_cycles: 0x24e6a1710, max_idle_ns: 440795202120 ns
[    0.000287] sched_clock: 64 bits at 10MHz, resolution 100ns, wraps every 4398046511100ns
[    0.072228] Console: colour dummy device 80x25
[    0.109387] Calibrating delay loop (skipped), value calculated using timer frequency.. 20.00 BogoMIPS (lpj=40000)
[    0.181153] pid_max: default: 32768 minimum: 301
[    0.218461] Mount-cache hash table entries: 2048 (order: 0, 16384 bytes, linear)
[    0.270302] Mountpoint-cache hash table entries: 2048 (order: 0, 16384 bytes, linear)
[    0.450754] cblist_init_generic: Setting adjustable number of callback queues.
[    0.502606] cblist_init_generic: Setting shift to 0 and lim to 1.
[    0.549643] ASID allocator using 16 bits (65536 entries)
[    0.591309] rcu: Hierarchical SRCU implementation.
[    0.633201] EFI services will not be available.
[    0.676792] smp: Bringing up secondary CPUs ...
[    0.710337] smp: Brought up 1 node, 1 CPU
[    0.775567] devtmpfs: initialized
[    0.827108] clocksource: jiffies: mask: 0xffffffff max_cycles: 0xffffffff, max_idle_ns: 7645041785100000 ns
[    0.896018] futex hash table entries: 256 (order: 0, 16384 bytes, linear)
[    0.977312] NET: Registered PF_NETLINK/PF_ROUTE protocol family
[    1.167509] iommu: Default domain type: Translated
[    1.202792] iommu: DMA domain TLB invalidation policy: strict mode
[    1.257964] vgaarb: loaded
[    1.282869] SCSI subsystem initialized
[    1.318953] usbcore: registered new interface driver usbfs
[    1.359246] usbcore: registered new interface driver hub
[    1.397677] usbcore: registered new device driver usb
[    1.486387] clocksource: Switched to clocksource riscv_clocksource
[    1.614795] NET: Registered PF_INET protocol family
[    1.655948] IP idents hash table entries: 8192 (order: 2, 65536 bytes, linear)
[    1.722591] tcp_listen_portaddr_hash hash table entries: 512 (order: 0, 20480 bytes, linear)
[    1.784261] TCP established hash table entries: 4096 (order: 1, 32768 bytes, linear)
[    1.840311] TCP bind hash table entries: 4096 (order: 3, 131072 bytes, linear)
[    1.894488] TCP: Hash tables configured (established 4096 bind 4096)
[    1.956223] UDP hash table entries: 256 (order: 0, 24576 bytes, linear)
[    2.004388] UDP-Lite hash table entries: 256 (order: 0, 24576 bytes, linear)
[    2.060008] NET: Registered PF_UNIX/PF_LOCAL protocol family
[    2.131205] RPC: Registered named UNIX socket transport module.
[    2.172836] RPC: Registered udp transport module.
[    2.205882] RPC: Registered tcp transport module.
[    2.238516] RPC: Registered tcp NFSv4.1 backchannel transport module.
[    2.283641] PCI: CLS 0 bytes, default 64
[    2.338055] Unpacking initramfs...
[    2.531504] workingset: timestamp_bits=62 max_order=15 bucket_order=0
[    2.755594] NFS: Registering the id_resolver key type
[    2.795965] Key type id_resolver registered
[    2.826255] Key type id_legacy registered[   51.285737] random: crng init done

[    2.875090] nfs4filelayout_init: NFSv4 File Layout Driver Registering...
[    2.922806] nfs4flexfilelayout_init: NFSv4 Flexfile Layout Driver Registering...
[    3.234519] 9p: Installing v9fs 9p2000 file system support
[    3.279565] NET: Registered PF_ALG protocol family
[    3.315030] Block layer SCSI generic (bsg) driver version 0.4 loaded (major 251)
[    3.367248] io scheduler mq-deadline registered
[    3.399307] io scheduler kyber registered
[    3.611060] Freeing initrd memory: 9040K
[    3.676093] pci-host-generic 30000000.pci: host bridge /smb/pci ranges:
[    3.726008] pci-host-generic 30000000.pci:       IO 0x0000000000..0x000000ffff -> 0x0000000000
[    3.788012] pci-host-generic 30000000.pci:      MEM 0x0040000000..0x007fffffff -> 0x0040000000
[    3.852560] pci-host-generic 30000000.pci: ECAM at [mem 0x30000000-0x3fffffff] for [bus 00-01]
[    3.917555] pci-host-generic 30000000.pci: PCI host bridge to bus 0000:00
[    3.965881] pci_bus 0000:00: root bus resource [bus 00-01]
[    4.004540] pci_bus 0000:00: root bus resource [io  0x0000-0xffff]
[    4.048044] pci_bus 0000:00: root bus resource [mem 0x40000000-0x7fffffff]
[    4.431572] Serial: 8250/16550 driver, 4 ports, IRQ sharing disabled
[    4.518541] printk: console [ttyS0] disabled
[    4.555548] 3f8.U6_16550A: ttyS0 at MMIO 0x3f8 (irq = 2, base_baud = 115200) is a 16550A
[    4.620008] printk: console [ttyS0] enabled
[    4.620008] printk: console [ttyS0] enabled
[    4.680457] printk: bootconsole [uart8250] disabled
[    4.680457] printk: bootconsole [uart8250] disabled
[    4.755507] 2f8.U6_16550A: ttyS1 at MMIO 0x2f8 (irq = 3, base_baud = 115200) is a 16550A
[    4.818437] 3e8.U6_16550A: ttyS2 at MMIO 0x3e8 (irq = 4, base_baud = 115200) is a 16550A
[    4.880556] 2e8.U6_16550A: ttyS3 at MMIO 0x2e8 (irq = 6, base_baud = 115200) is a 16550A
[    5.013852] loop: module loaded
[    5.191055] net eth0: Fail to set guest offload.
[    5.225662] virtio_net virtio0 eth0: set_features() failed (-22); wanted 0x0000000000134829, left 0x0080000000134829
[    5.336789] e1000e: Intel(R) PRO/1000 Network Driver
[    5.373326] e1000e: Copyright(c) 1999 - 2015 Intel Corporation.
[    5.416645] ehci_hcd: USB 2.0 'Enhanced' Host Controller (EHCI) Driver
[    5.464247] ehci-pci: EHCI PCI platform driver
[    5.497746] ehci-platform: EHCI generic platform driver
[    5.536015] ohci_hcd: USB 1.1 'Open' Host Controller (OHCI) Driver
[    5.580790] ohci-pci: OHCI PCI platform driver
[    5.613856] ohci-platform: OHCI generic platform driver
[    5.657907] usbcore: registered new interface driver uas
[    5.697582] usbcore: registered new interface driver usb-storage
[    5.744468] mousedev: PS/2 mouse device common for all mice
[    5.790029] sdhci: Secure Digital Host Controller Interface driver
[    5.834485] sdhci: Copyright(c) Pierre Ossman
[    5.866749] sdhci-pltfm: SDHCI platform and OF driver helper
[    5.932339] usbcore: registered new interface driver usbhid
[    5.971590] usbhid: USB HID core driver
[    6.006883] NET: Registered PF_INET6 protocol family
[    6.074991] Segment Routing with IPv6
[    6.116001] In-situ OAM (IOAM) with IPv6
[    6.145912] sit: IPv6, IPv4 and MPLS over IPv4 tunneling driver
[    6.199162] NET: Registered PF_PACKET protocol family
[    6.253427] 9pnet: Installing 9P2000 support
[    6.284660] Key type dns_resolver registered
[    6.321953] debug_vm_pgtable: [debug_vm_pgtable         ]: Validating architecture page table helpers
[    6.841750] Freeing unused kernel image (initmem) memory: 16560K
[    6.886724] Run /init as init process
           _  _
          | ||_|
          | | _ ____  _   _  _  _
          | || |  _ \| | | |\ \/ /
          | || | | | | |_| |/    \
          |_||_|_| |_|\____|\_/\_/

               Busybox Rootfs

Please press Enter to activate this console.
```

